﻿
> farm-manager@0.0.0 build
> vite build

[36mvite v8.0.13 [32mbuilding client environment for production...[36m[39m
[2K
transforming...Γ£ô 1770 modules transformed.
rendering chunks...
computing gzip size...
dist/index.html                   0.47 kB Γöé gzip:   0.30 kB
dist/assets/index-DEfUqy1C.css   51.16 kB Γöé gzip:   8.92 kB
dist/assets/index-BgO3T6DX.js   877.07 kB Γöé gzip: 233.20 kB

node.exe : [33m[33m[P
LUGIN_TIMINGS] 
[0mYour build spent 
significant time in 
plugins. Here is a 
breakdown:
At line:1 char:1
+ & "C:\nvm4w\nodejs/no
de.exe" "C:\nvm4w\nodej
s/node_modules/npm/bin/
np ...
+ ~~~~~~~~~~~~~~~~~~~~~
~~~~~~~~~~~~~~~~~~~~~~~
~~~~~~~~~~~~~~~~~~~~~~~
~~
    + CategoryInfo     
         : NotSpecifi  
  ed: ([33m[33m[PL   
 UG...is a breakdow    
n::String) [], Rem    
oteException
    + FullyQualifiedEr 
   rorId : NativeComm  
  andError
 
  - vite:css (35%)
  - 
rolldown:vite-resolve 
(32%)
See https://rolldown.rs
/options/checks#plugint
imings for more 
details.
[39m
[33m[plugin 
builtin:vite-reporter] 
(!) Some chunks are 
larger than 500 kB 
after minification. 
Consider:
- Using dynamic 
import() to code-split 
the application
- Use build.rolldownOpt
ions.output.codeSplitti
ng to improve 
chunking: https://rolld
own.rs/reference/Output
Options.codeSplitting
- Adjust chunk size 
limit for this warning 
via build.chunkSizeWarn
ingLimit.[39m
[32mΓ£ô built in 9.03s[39m
